
> seder-production@0.1.0 build
> next build

  Ôû▓ Next.js 14.2.0
  - Environments: .env

   Creating an optimized production build ...
node.exe : Failed to 
compile.
Au caractère Ligne:1 : 1
+ & "C:\Program 
Files\nodejs/node.exe" "C:\U
sers\iobad\AppData\Roaming\ 
...
+ ~~~~~~~~~~~~~~~~~~~~~~~~~~
~~~~~~~~~~~~~~~~~~~~~~~~~~~~
~~~~~~~~~~~~~~~
    + CategoryInfo          
    : NotSpecified: (Faile  
  d to compile.:String) [   
 ], RemoteException
    + FullyQualifiedErrorId 
    : NativeCommandError
 

./src/app/globals.css.webpac
k[javascript/auto]!=!./node_
modules/next/dist/build/webp
ack/loaders/css-loader/src/i
ndex.js??ruleSet[1].rules[13
].oneOf[12].use[2]!./node_mo
dules/next/dist/build/webpac
k/loaders/postcss-loader/src
/index.js??ruleSet[1].rules[
13].oneOf[12].use[3]!./src/a
pp/globals.css
Error [ERR_UNSUPPORTED_ESM_U
RL_SCHEME]: Only URLs with 
a scheme in: file, data, 
and node are supported by 
the default ESM loader. On 
Windows, absolute paths 
must be valid file:// URLs. 
Received protocol 'c:'
    at 
throwIfUnsupportedURLScheme 
(node:internal/modules/esm/l
oad:195:11)
    at defaultLoadSync (node
:internal/modules/esm/load:1
42:3)
    at #loadAndMaybeBlockOnL
oaderThread (node:internal/m
odules/esm/loader:795:12)
    at #loadSync (node:inter
nal/modules/esm/loader:815:4
9)
    at ModuleLoader.load (no
de:internal/modules/esm/load
er:780:26)
    at ModuleLoader.loadAndT
ranslate (node:internal/modu
les/esm/loader:526:31)
    at #getOrCreateModuleJob
AfterResolve (node:internal/
modules/esm/loader:571:36)
    at afterResolve (node:in
ternal/modules/esm/loader:62
4:52)
    at ModuleLoader.getOrCre
ateModuleJob (node:internal/
modules/esm/loader:630:12)
    at onImport.tracePromise
.__proto__ (node:internal/mo
dules/esm/loader:649:32)

Import trace for requested 
module:
./src/app/globals.css.webpac
k[javascript/auto]!=!./node_
modules/next/dist/build/webp
ack/loaders/css-loader/src/i
ndex.js??ruleSet[1].rules[13
].oneOf[12].use[2]!./node_mo
dules/next/dist/build/webpac
k/loaders/postcss-loader/src
/index.js??ruleSet[1].rules[
13].oneOf[12].use[3]!./src/a
pp/globals.css
./src/app/globals.css

./src/app/globals.css
Error [ERR_UNSUPPORTED_ESM_U
RL_SCHEME]: Only URLs with 
a scheme in: file, data, 
and node are supported by 
the default ESM loader. On 
Windows, absolute paths 
must be valid file:// URLs. 
Received protocol 'c:'
    at 
throwIfUnsupportedURLScheme 
(node:internal/modules/esm/l
oad:195:11)
    at defaultLoadSync (node
:internal/modules/esm/load:1
42:3)
    at #loadAndMaybeBlockOnL
oaderThread (node:internal/m
odules/esm/loader:795:12)
    at #loadSync (node:inter
nal/modules/esm/loader:815:4
9)
    at ModuleLoader.load (no
de:internal/modules/esm/load
er:780:26)
    at ModuleLoader.loadAndT
ranslate (node:internal/modu
les/esm/loader:526:31)
    at #getOrCreateModuleJob
AfterResolve (node:internal/
modules/esm/loader:571:36)
    at afterResolve (node:in
ternal/modules/esm/loader:62
4:52)
    at ModuleLoader.getOrCre
ateModuleJob (node:internal/
modules/esm/loader:630:12)
    at onImport.tracePromise
.__proto__ (node:internal/mo
dules/esm/loader:649:32)
    at tryRunOrWebpackError 
(C:\Users\iobad\Seder-produc
tion\node_modules\next\dist\
compiled\webpack\bundle5.js:
28:312989)
    at 
__webpack_require_module__ (
C:\Users\iobad\Seder-product
ion\node_modules\next\dist\c
ompiled\webpack\bundle5.js:2
8:131165)
    at __nested_webpack_requ
ire_153728__ (C:\Users\iobad
\Seder-production\node_modul
es\next\dist\compiled\webpac
k\bundle5.js:28:130607)
    at C:\Users\iobad\Seder-
production\node_modules\next
\dist\compiled\webpack\bundl
e5.js:28:131454
    at symbolIterator (C:\Us
ers\iobad\Seder-production\n
ode_modules\next\dist\compil
ed\neo-async\async.js:1:1444
4)
    at done (C:\Users\iobad\
Seder-production\node_module
s\next\dist\compiled\neo-asy
nc\async.js:1:14824)
    at Hook.eval [as 
callAsync] (eval at create (
C:\Users\iobad\Seder-product
ion\node_modules\next\dist\c
ompiled\webpack\bundle5.js:1
3:28858), <anonymous>:15:1)
    at 
Hook.CALL_ASYNC_DELEGATE 
[as _callAsync] (C:\Users\io
bad\Seder-production\node_mo
dules\next\dist\compiled\web
pack\bundle5.js:13:26012)
    at C:\Users\iobad\Seder-
production\node_modules\next
\dist\compiled\webpack\bundl
e5.js:28:130328
    at symbolIterator (C:\Us
ers\iobad\Seder-production\n
ode_modules\next\dist\compil
ed\neo-async\async.js:1:1440
2)
-- inner error --
Error [ERR_UNSUPPORTED_ESM_U
RL_SCHEME]: Only URLs with 
a scheme in: file, data, 
and node are supported by 
the default ESM loader. On 
Windows, absolute paths 
must be valid file:// URLs. 
Received protocol 'c:'
    at 
throwIfUnsupportedURLScheme 
(node:internal/modules/esm/l
oad:195:11)
    at defaultLoadSync (node
:internal/modules/esm/load:1
42:3)
    at #loadAndMaybeBlockOnL
oaderThread (node:internal/m
odules/esm/loader:795:12)
    at #loadSync (node:inter
nal/modules/esm/loader:815:4
9)
    at ModuleLoader.load (no
de:internal/modules/esm/load
er:780:26)
    at ModuleLoader.loadAndT
ranslate (node:internal/modu
les/esm/loader:526:31)
    at #getOrCreateModuleJob
AfterResolve (node:internal/
modules/esm/loader:571:36)
    at afterResolve (node:in
ternal/modules/esm/loader:62
4:52)
    at ModuleLoader.getOrCre
ateModuleJob (node:internal/
modules/esm/loader:630:12)
    at onImport.tracePromise
.__proto__ (node:internal/mo
dules/esm/loader:649:32)
    at Object.<anonymous> (C
:\Users\iobad\Seder-producti
on\node_modules\next\dist\bu
ild\webpack\loaders\css-load
er\src\index.js??ruleSet[1].
rules[13].oneOf[12].use[2]!C
:\Users\iobad\Seder-producti
on\node_modules\next\dist\bu
ild\webpack\loaders\postcss-
loader\src\index.js??ruleSet
[1].rules[13].oneOf[12].use[
3]!C:\Users\iobad\Seder-prod
uction\src\app\globals.css:1
:7)
    at C:\Users\iobad\Seder-
production\node_modules\next
\dist\compiled\webpack\bundl
e5.js:28:922493
    at Hook.eval [as call] 
(eval at create (C:\Users\io
bad\Seder-production\node_mo
dules\next\dist\compiled\web
pack\bundle5.js:13:28636), 
<anonymous>:7:1)
    at Hook.CALL_DELEGATE 
[as _call] (C:\Users\iobad\S
eder-production\node_modules
\next\dist\compiled\webpack\
bundle5.js:13:25906)
    at C:\Users\iobad\Seder-
production\node_modules\next
\dist\compiled\webpack\bundl
e5.js:28:131198
    at tryRunOrWebpackError 
(C:\Users\iobad\Seder-produc
tion\node_modules\next\dist\
compiled\webpack\bundle5.js:
28:312943)
    at 
__webpack_require_module__ (
C:\Users\iobad\Seder-product
ion\node_modules\next\dist\c
ompiled\webpack\bundle5.js:2
8:131165)
    at __nested_webpack_requ
ire_153728__ (C:\Users\iobad
\Seder-production\node_modul
es\next\dist\compiled\webpac
k\bundle5.js:28:130607)
    at C:\Users\iobad\Seder-
production\node_modules\next
\dist\compiled\webpack\bundl
e5.js:28:131454
    at symbolIterator (C:\Us
ers\iobad\Seder-production\n
ode_modules\next\dist\compil
ed\neo-async\async.js:1:1444
4)

Generated code for C:\Users\
iobad\Seder-production\node_
modules\next\dist\build\webp
ack\loaders\css-loader\src\i
ndex.js??ruleSet[1].rules[13
].oneOf[12].use[2]!C:\Users\
iobad\Seder-production\node_
modules\next\dist\build\webp
ack\loaders\postcss-loader\s
rc\index.js??ruleSet[1].rule
s[13].oneOf[12].use[3]!C:\Us
ers\iobad\Seder-production\s
rc\app\globals.css

Import trace for requested 
module:
./src/app/globals.css


> Build failed because of 
webpack errors
